PS C:\Users\jithu\Desktop\html projexts\node-crash-course> node test
C:\Users\jithu\Desktop\html projexts\node-crash-course\test.js:1
const fs= require(fs);
                  ^

ReferenceError: Cannot access 'fs' before initialization
    at Object.<anonymous> (C:\Users\jithu\Desktop\html projexts\node-crash-course\test.js:1:19)
    at Module._compile (node:internal/modules/cjs/loader:1378:14)
    at Module._extensions..js (node:internal/modules/cjs/loader:1437:10)
    at Module.load (node:internal/modules/cjs/loader:1212:32)
    at Module._load (node:internal/modules/cjs/loader:1028:12)
    at Function.executeUserEntryPoint [as runMain] (node:internal/modules/run_main:142:12)
    at node:internal/main/run_main_module:28:49

Node.js v21.6.0
PS C:\Users\jithu\Desktop\html projexts\node-crash-course> node test
{
  appendFile: [Function: appendFile],
  appendFileSync: [Function: appendFileSync],
  access: [Function: access],
  accessSync: [Function: accessSync],
  chown: [Function: chown],
  chownSync: [Function: chownSync],
  chmod: [Function: chmod],
  chmodSync: [Function: chmodSync],
  close: [Function: close],
  closeSync: [Function: closeSync],
  copyFile: [Function: copyFile],
  copyFileSync: [Function: copyFileSync],
  cp: [Function: cp],
  cpSync: [Function: cpSync],
  createReadStream: [Function: createReadStream],
  createWriteStream: [Function: createWriteStream],
  exists: [Function: exists],
  existsSync: [Function: existsSync],
  fchown: [Function: fchown],
  fchownSync: [Function: fchownSync],
  fchmod: [Function: fchmod],
  fchmodSync: [Function: fchmodSync],
  fdatasync: [Function: fdatasync],
  fdatasyncSync: [Function: fdatasyncSync],
  fstat: [Function: fstat],
  fstatSync: [Function: fstatSync],
  fsync: [Function: fsync],
  fsyncSync: [Function: fsyncSync],
  ftruncate: [Function: ftruncate],
  ftruncateSync: [Function: ftruncateSync],
  futimes: [Function: futimes],
  futimesSync: [Function: futimesSync],
  lchown: [Function: lchown],
  lchownSync: [Function: lchownSync],
  lchmod: undefined,
  lchmodSync: undefined,
  link: [Function: link],
  linkSync: [Function: linkSync],
  lstat: [Function: lstat],
  lstatSync: [Function: lstatSync],
  lutimes: [Function: lutimes],
  lutimesSync: [Function: lutimesSync],
  mkdir: [Function: mkdir],
  mkdirSync: [Function: mkdirSync],
  mkdtemp: [Function: mkdtemp],
  mkdtempSync: [Function: mkdtempSync],
  open: [Function: open],
  openSync: [Function: openSync],
  openAsBlob: [Function: openAsBlob],
  readdir: [Function: readdir],
  readdirSync: [Function: readdirSync],
  read: [Function: read],
  readSync: [Function: readSync],
  readv: [Function: readv],
  readvSync: [Function: readvSync],
  readFile: [Function: readFile],
  readFileSync: [Function: readFileSync],
  readlink: [Function: readlink],
  readlinkSync: [Function: readlinkSync],
  realpath: [Function: realpath] { native: [Function (anonymous)] },
  realpathSync: [Function: realpathSync] { native: [Function (anonymous)] },
  rename: [Function: rename],
  renameSync: [Function: renameSync],
  rm: [Function: rm],
  rmSync: [Function: rmSync],
  rmdir: [Function: rmdir],
  rmdirSync: [Function: rmdirSync],
  stat: [Function: stat],
  statfs: [Function: statfs],
  statSync: [Function: statSync],
  statfsSync: [Function: statfsSync],
  symlink: [Function: symlink],
  symlinkSync: [Function: symlinkSync],
  truncate: [Function: truncate],
  truncateSync: [Function: truncateSync],
  unwatchFile: [Function: unwatchFile],
  unlink: [Function: unlink],
  unlinkSync: [Function: unlinkSync],
  utimes: [Function: utimes],
  utimesSync: [Function: utimesSync],
  watch: [Function: watch],
  watchFile: [Function: watchFile],
  writeFile: [Function: writeFile],
  writeFileSync: [Function: writeFileSync],
  write: [Function: write],
  writeSync: [Function: writeSync],
  writev: [Function: writev],
  writevSync: [Function: writevSync],
  Dirent: [class Dirent],
  Stats: [Function: Stats],
  ReadStream: [Getter/Setter],
  WriteStream: [Getter/Setter],
  FileReadStream: [Getter/Setter],
  FileWriteStream: [Getter/Setter],
  _toUnixTimestamp: [Function: toUnixTimestamp],
  Dir: [class Dir],
  opendir: [Function: opendir],
  opendirSync: [Function: opendirSync],
  F_OK: 0,
  R_OK: 4,
  W_OK: 2,
  X_OK: 1,
  constants: [Object: null prototype] {
    UV_FS_SYMLINK_DIR: 1,
    UV_FS_SYMLINK_JUNCTION: 2,
    O_RDONLY: 0,
    O_WRONLY: 1,
    O_RDWR: 2,
    UV_DIRENT_UNKNOWN: 0,
    UV_DIRENT_FILE: 1,
    UV_DIRENT_DIR: 2,
    UV_DIRENT_LINK: 3,
    UV_DIRENT_FIFO: 4,
    UV_DIRENT_SOCKET: 5,
    UV_DIRENT_CHAR: 6,
    UV_DIRENT_BLOCK: 7,
    EXTENSIONLESS_FORMAT_JAVASCRIPT: 0,
    EXTENSIONLESS_FORMAT_WASM: 1,
    S_IFMT: 61440,
    S_IFREG: 32768,
    S_IFDIR: 16384,
    S_IFCHR: 8192,
    S_IFIFO: 4096,
    S_IFLNK: 40960,
    O_CREAT: 256,
    O_EXCL: 1024,
    UV_FS_O_FILEMAP: 536870912,
    O_TRUNC: 512,
    O_APPEND: 8,
    S_IRUSR: 256,
    S_IWUSR: 128,
    F_OK: 0,
    R_OK: 4,
    W_OK: 2,
    X_OK: 1,
    UV_FS_COPYFILE_EXCL: 1,
    COPYFILE_EXCL: 1,
    UV_FS_COPYFILE_FICLONE: 2,
    COPYFILE_FICLONE: 2,
    UV_FS_COPYFILE_FICLONE_FORCE: 4,
    COPYFILE_FICLONE_FORCE: 4
  },
  promises: [Getter]
}
PS C:\Users\jithu\Desktop\html projexts\node-crash-course> node test
node:internal/errors:541
      throw error;
      ^

TypeError [ERR_INVALID_ARG_TYPE]: The "cb" argument must be of type function. Received undefined
    at makeCallback (node:fs:192:3)
    at Object.mkdir (node:fs:1340:14)
    at Object.<anonymous> (C:\Users\jithu\Desktop\html projexts\node-crash-course\test.js:3:4)
    at Module._compile (node:internal/modules/cjs/loader:1378:14) 
    at Module._extensions..js (node:internal/modules/cjs/loader:1437:10)
    at Module.load (node:internal/modules/cjs/loader:1212:32)     
    at Module._load (node:internal/modules/cjs/loader:1028:12)    
    at Function.executeUserEntryPoint [as runMain] (node:internal/modules/run_main:142:12)
    at node:internal/main/run_main_module:28:49 {
  code: 'ERR_INVALID_ARG_TYPE'
}

Node.js v21.6.0
PS C:\Users\jithu\Desktop\html projexts\node-crash-course> node test
PS C:\Users\jithu\Desktop\html projexts\node-crash-course> node test
PS C:\Users\jithu\Desktop\html projexts\node-crash-course> node test
file deleted
PS C:\Users\jithu\Desktop\html projexts\node-crash-course> node test
PS C:\Users\jithu\Desktop\html projexts\node-crash-course> node test
file deleted
PS C:\Users\jithu\Desktop\html projexts\node-crash-course> node test
PS C:\Users\jithu\Desktop\html projexts\node-crash-course> node test
PS C:\Users\jithu\Desktop\html projexts\node-crash-course> node test
node:internal/errors:541
      throw error;
      ^

TypeError [ERR_INVALID_ARG_TYPE]: The "cb" argument must be of type function. Received undefined
    at makeCallback (node:fs:192:3)
    at Object.rmdir (node:fs:1162:14)
    at Object.<anonymous> (C:\Users\jithu\Desktop\html projexts\node-crash-course\test.js:23:4)
    at Module._compile (node:internal/modules/cjs/loader:1378:14) 
    at Module._extensions..js (node:internal/modules/cjs/loader:1437:10)
    at Module.load (node:internal/modules/cjs/loader:1212:32)     
    at Module._load (node:internal/modules/cjs/loader:1028:12)    
    at Function.executeUserEntryPoint [as runMain] (node:internal/modules/run_main:142:12)
    at node:internal/main/run_main_module:28:49 {
  code: 'ERR_INVALID_ARG_TYPE'
}

Node.js v21.6.0
PS C:\Users\jithu\Desktop\html projexts\node-crash-course> node test
node:internal/errors:541
      throw error;
      ^

TypeError [ERR_INVALID_ARG_TYPE]: The "cb" argument must be of type function. Received undefined
    at makeCallback (node:fs:192:3)
    at Object.rmdir (node:fs:1162:14)
    at Object.<anonymous> (C:\Users\jithu\Desktop\html projexts\node-crash-course\test.js:23:4)
    at Module._compile (node:internal/modules/cjs/loader:1378:14) 
    at Module._extensions..js (node:internal/modules/cjs/loader:1437:10)
    at Module.load (node:internal/modules/cjs/loader:1212:32)     
    at Module._load (node:internal/modules/cjs/loader:1028:12)    
    at Function.executeUserEntryPoint [as runMain] (node:internal/modules/run_main:142:12)
    at node:internal/main/run_main_module:28:49 {
  code: 'ERR_INVALID_ARG_TYPE'
}

Node.js v21.6.0
PS C:\Users\jithu\Desktop\html projexts\node-crash-course> node test
node:internal/errors:541
      throw error;
      ^

TypeError [ERR_INVALID_ARG_TYPE]: The "cb" argument must be of type function. Received undefined
    at makeCallback (node:fs:192:3)
    at Object.rmdir (node:fs:1162:14)
    at Object.<anonymous> (C:\Users\jithu\Desktop\html projexts\node-crash-course\test.js:23:4)
    at Module._compile (node:internal/modules/cjs/loader:1378:14) 
    at Module._extensions..js (node:internal/modules/cjs/loader:1437:10)
    at Module.load (node:internal/modules/cjs/loader:1212:32)     
    at Module._load (node:internal/modules/cjs/loader:1028:12)    
    at Function.executeUserEntryPoint [as runMain] (node:internal/modules/run_main:142:12)
    at node:internal/main/run_main_module:28:49 {
  code: 'ERR_INVALID_ARG_TYPE'
}

Node.js v21.6.0
PS C:\Users\jithu\Desktop\html projexts\node-crash-course> node test
      ^

      ^

TypeError [ERR_INVALID_ARG_TYPE]: The "cb" argument must be of type function. Received undefined
    at makeCallback (node:fs:192:3)
    at Object.unlink (node:fs:1861:14)
    at Object.<anonymous> (C:\Users\jithu\Desktop\html projexts\node-crash-course\test.js:23:4)
    at Module._compile (node:internal/modules/cjs/loader:1378:14) 
    at Module._extensions..js (node:internal/modules/cjs/loader:1437:10)
    at Module.load (node:internal/modules/cjs/loader:1212:32)     
    at Module._load (node:internal/modules/cjs/loader:1028:12)    
    at Function.executeUserEntryPoint [as runMain] (node:internal/modules/run_main:142:12)
    at node:internal/main/run_main_module:28:49 {
  code: 'ERR_INVALID_ARG_TYPE'
}

Node.js v21.6.0
PS C:\Users\jithu\Desktop\html projexts\node-crash-course> node test
node:internal/errors:541
      throw error;
      ^

TypeError [ERR_INVALID_ARG_TYPE]: The "cb" argument must be of type function. Received undefined
    at makeCallback (node:fs:192:3)
    at Object.unlink (node:fs:1861:14)
    at Object.<anonymous> (C:\Users\jithu\Desktop\html projexts\node-crash-course\test.js:23:4)
    at Module._compile (node:internal/modules/cjs/loader:1378:14) 
    at Module._extensions..js (node:internal/modules/cjs/loader:1437:10)
    at Module.load (node:internal/modules/cjs/loader:1212:32)     
    at Module._load (node:internal/modules/cjs/loader:1028:12)    
    at Function.executeUserEntryPoint [as runMain] (node:internal/modules/run_main:142:12)
    at node:internal/main/run_main_module:28:49 {
  code: 'ERR_INVALID_ARG_TYPE'
}

Node.js v21.6.0
PS C:\Users\jithu\Desktop\html projexts\node-crash-course>